// Jest Snapshot v1, https://goo.gl/fbAQLP

exports[`Question should match the snapshot with all data passed in correctly 1`] = `
Object {
  "asFragment": [Function],
  "baseElement": <body>
    <div>
      <div
        class="card shadow card-first"
      >
        <h1
          class="card-question"
        >
          Q: 
          Hello
        </h1>
        <h1
          class="card-position"
        >
          2
        </h1>
        <h3
          class="header-notes"
        >
          Notes:
        </h3>
        <textarea
          class="box-fix card-response"
          form="card-response-2"
          name="response"
        />
        <form
          class="card-score"
          id="score-form-1"
        >
          <input
            name="score"
            type="radio"
            value="1"
          />
          Unsatisfactory
          <br />
          <input
            name="score"
            type="radio"
            value="2"
          />
          Needs Work
          <br />
          <input
            name="score"
            type="radio"
            value="3"
          />
          Good
          <br />
          <input
            name="score"
            type="radio"
            value="4"
          />
          Exceptional
          <br />
        </form>
        <button
          class="card-next-btn shadow"
        >
          ðŸ š
        </button>
        <button
          class="card-skip-btn"
        >
          â†·
        </button>
      </div>
    </div>
  </body>,
  "container": <div>
    <div
      class="card shadow card-first"
    >
      <h1
        class="card-question"
      >
        Q: 
        Hello
      </h1>
      <h1
        class="card-position"
      >
        2
      </h1>
      <h3
        class="header-notes"
      >
        Notes:
      </h3>
      <textarea
        class="box-fix card-response"
        form="card-response-2"
        name="response"
      />
      <form
        class="card-score"
        id="score-form-1"
      >
        <input
          name="score"
          type="radio"
          value="1"
        />
        Unsatisfactory
        <br />
        <input
          name="score"
          type="radio"
          value="2"
        />
        Needs Work
        <br />
        <input
          name="score"
          type="radio"
          value="3"
        />
        Good
        <br />
        <input
          name="score"
          type="radio"
          value="4"
        />
        Exceptional
        <br />
      </form>
      <button
        class="card-next-btn shadow"
      >
        ðŸ š
      </button>
      <button
        class="card-skip-btn"
      >
        â†·
      </button>
    </div>
  </div>,
  "debug": [Function],
  "findAllByAltText": [Function],
  "findAllByDisplayValue": [Function],
  "findAllByLabelText": [Function],
  "findAllByPlaceholderText": [Function],
  "findAllByRole": [Function],
  "findAllByTestId": [Function],
  "findAllByText": [Function],
  "findAllByTitle": [Function],
  "findByAltText": [Function],
  "findByDisplayValue": [Function],
  "findByLabelText": [Function],
  "findByPlaceholderText": [Function],
  "findByRole": [Function],
  "findByTestId": [Function],
  "findByText": [Function],
  "findByTitle": [Function],
  "getAllByAltText": [Function],
  "getAllByDisplayValue": [Function],
  "getAllByLabelText": [Function],
  "getAllByPlaceholderText": [Function],
  "getAllByRole": [Function],
  "getAllByTestId": [Function],
  "getAllByText": [Function],
  "getAllByTitle": [Function],
  "getByAltText": [Function],
  "getByDisplayValue": [Function],
  "getByLabelText": [Function],
  "getByPlaceholderText": [Function],
  "getByRole": [Function],
  "getByTestId": [Function],
  "getByText": [Function],
  "getByTitle": [Function],
  "queryAllByAltText": [Function],
  "queryAllByDisplayValue": [Function],
  "queryAllByLabelText": [Function],
  "queryAllByPlaceholderText": [Function],
  "queryAllByRole": [Function],
  "queryAllByTestId": [Function],
  "queryAllByText": [Function],
  "queryAllByTitle": [Function],
  "queryByAltText": [Function],
  "queryByDisplayValue": [Function],
  "queryByLabelText": [Function],
  "queryByPlaceholderText": [Function],
  "queryByRole": [Function],
  "queryByTestId": [Function],
  "queryByText": [Function],
  "queryByTitle": [Function],
  "rerender": [Function],
  "unmount": [Function],
}
`;
