// Jest Snapshot v1, https://goo.gl/fbAQLP

exports[`Question should match the snapshot with all data passed in correctly 1`] = `
<MockedProvider
  addTypeName={false}
  addTypename={true}
>
  <ApolloProvider
    client={
      ApolloClient {
        "cache": InMemoryCache {
          "addTypename": true,
          "cacheKeyRoot": KeyTrie {
            "weakness": true,
          },
          "config": Object {
            "addTypename": true,
            "dataIdFromObject": [Function],
            "fragmentMatcher": HeuristicFragmentMatcher {},
            "freezeResults": false,
            "resultCaching": true,
          },
          "data": DepTrackingCache {
            "data": Object {},
            "depend": [Function],
          },
          "maybeBroadcastWatch": [Function],
          "optimisticData": DepTrackingCache {
            "data": Object {},
            "depend": [Function],
          },
          "silenceBroadcast": false,
          "storeReader": StoreReader {
            "executeSelectionSet": [Function],
            "executeStoreQuery": [Function],
            "executeSubSelectedArray": [Function],
            "freezeResults": false,
          },
          "storeWriter": StoreWriter {},
          "typenameDocumentCache": Map {},
          "watches": Set {},
        },
        "clearStoreCallbacks": Array [],
        "defaultOptions": Object {},
        "disableNetworkFetches": false,
        "link": MockLink {
          "addTypename": true,
          "mockedResponsesByKey": Object {},
        },
        "localState": LocalState {
          "cache": InMemoryCache {
            "addTypename": true,
            "cacheKeyRoot": KeyTrie {
              "weakness": true,
            },
            "config": Object {
              "addTypename": true,
              "dataIdFromObject": [Function],
              "fragmentMatcher": HeuristicFragmentMatcher {},
              "freezeResults": false,
              "resultCaching": true,
            },
            "data": DepTrackingCache {
              "data": Object {},
              "depend": [Function],
            },
            "maybeBroadcastWatch": [Function],
            "optimisticData": DepTrackingCache {
              "data": Object {},
              "depend": [Function],
            },
            "silenceBroadcast": false,
            "storeReader": StoreReader {
              "executeSelectionSet": [Function],
              "executeStoreQuery": [Function],
              "executeSubSelectedArray": [Function],
              "freezeResults": false,
            },
            "storeWriter": StoreWriter {},
            "typenameDocumentCache": Map {},
            "watches": Set {},
          },
          "client": [Circular],
        },
        "mutate": [Function],
        "query": [Function],
        "queryDeduplication": true,
        "queryManager": QueryManager {
          "assumeImmutableResults": false,
          "clientAwareness": Object {
            "name": undefined,
            "version": undefined,
          },
          "dataStore": DataStore {
            "cache": InMemoryCache {
              "addTypename": true,
              "cacheKeyRoot": KeyTrie {
                "weakness": true,
              },
              "config": Object {
                "addTypename": true,
                "dataIdFromObject": [Function],
                "fragmentMatcher": HeuristicFragmentMatcher {},
                "freezeResults": false,
                "resultCaching": true,
              },
              "data": DepTrackingCache {
                "data": Object {},
                "depend": [Function],
              },
              "maybeBroadcastWatch": [Function],
              "optimisticData": DepTrackingCache {
                "data": Object {},
                "depend": [Function],
              },
              "silenceBroadcast": false,
              "storeReader": StoreReader {
                "executeSelectionSet": [Function],
                "executeStoreQuery": [Function],
                "executeSubSelectedArray": [Function],
                "freezeResults": false,
              },
              "storeWriter": StoreWriter {},
              "typenameDocumentCache": Map {},
              "watches": Set {},
            },
          },
          "fetchQueryRejectFns": Map {},
          "idCounter": 1,
          "inFlightLinkObservables": Map {},
          "link": MockLink {
            "addTypename": true,
            "mockedResponsesByKey": Object {},
          },
          "localState": LocalState {
            "cache": InMemoryCache {
              "addTypename": true,
              "cacheKeyRoot": KeyTrie {
                "weakness": true,
              },
              "config": Object {
                "addTypename": true,
                "dataIdFromObject": [Function],
                "fragmentMatcher": HeuristicFragmentMatcher {},
                "freezeResults": false,
                "resultCaching": true,
              },
              "data": DepTrackingCache {
                "data": Object {},
                "depend": [Function],
              },
              "maybeBroadcastWatch": [Function],
              "optimisticData": DepTrackingCache {
                "data": Object {},
                "depend": [Function],
              },
              "silenceBroadcast": false,
              "storeReader": StoreReader {
                "executeSelectionSet": [Function],
                "executeStoreQuery": [Function],
                "executeSubSelectedArray": [Function],
                "freezeResults": false,
              },
              "storeWriter": StoreWriter {},
              "typenameDocumentCache": Map {},
              "watches": Set {},
            },
            "client": [Circular],
          },
          "mutationStore": MutationStore {
            "store": Object {},
          },
          "onBroadcast": [Function],
          "pollingInfoByQueryId": Map {},
          "queries": Map {},
          "queryDeduplication": true,
          "queryStore": QueryStore {
            "store": Object {},
          },
          "ssrMode": false,
          "transformCache": WeakMap {},
        },
        "reFetchObservableQueries": [Function],
        "resetStore": [Function],
        "resetStoreCallbacks": Array [],
        "store": DataStore {
          "cache": InMemoryCache {
            "addTypename": true,
            "cacheKeyRoot": KeyTrie {
              "weakness": true,
            },
            "config": Object {
              "addTypename": true,
              "dataIdFromObject": [Function],
              "fragmentMatcher": HeuristicFragmentMatcher {},
              "freezeResults": false,
              "resultCaching": true,
            },
            "data": DepTrackingCache {
              "data": Object {},
              "depend": [Function],
            },
            "maybeBroadcastWatch": [Function],
            "optimisticData": DepTrackingCache {
              "data": Object {},
              "depend": [Function],
            },
            "silenceBroadcast": false,
            "storeReader": StoreReader {
              "executeSelectionSet": [Function],
              "executeStoreQuery": [Function],
              "executeSubSelectedArray": [Function],
              "freezeResults": false,
            },
            "storeWriter": StoreWriter {},
            "typenameDocumentCache": Map {},
            "watches": Set {},
          },
        },
        "typeDefs": undefined,
        "version": "2.6.4",
        "watchQuery": [Function],
      }
    }
  >
    <Question
      student={
        Object {
          "firstName": "Eric",
          "lastName": "O'Neill",
        }
      }
    >
      <div
        className="interview-question-card shadow interview-card-hidden"
      >
        <h1
          className="interview-card-question"
        >
          Q: 
        </h1>
        <h1
          className="interview-card-position"
        />
        <h3
          className="header-notes"
          id="notes-h3"
        >
          Notes:
        </h3>
        <textarea
          className="box-fix interview-card-response"
          form="interview-card-response-undefined"
          name="response"
          onChange={[Function]}
        />
        <form
          className="interview-card-score"
          id="score-form-undefined"
          onChange={[Function]}
        >
          <label>
            <input
              name="score"
              type="radio"
              value="1"
            />
            Unsatisfactory
            <br />
          </label>
          <label>
            <input
              name="score"
              type="radio"
              value="2"
            />
            Needs Work
            <br />
          </label>
          <label>
            <input
              name="score"
              type="radio"
              value="3"
            />
            Good
            <br />
          </label>
          <label>
            <input
              name="score"
              type="radio"
              value="4"
            />
            Exceptional
            <br />
          </label>
        </form>
        <button
          className="interview-card-next-btn shadow"
          onClick={[Function]}
        >
          Next
        </button>
        <button
          className="interview-card-skip-btn"
          onClick={[Function]}
        >
          Skip
        </button>
      </div>
    </Question>
  </ApolloProvider>
</MockedProvider>
`;
